// Jest Snapshot v1, https://goo.gl/fbAQLP

exports[`Story renders correctly 1`] = `
<div
  className="story"
>
  <section
    class="section"
  />
</div>
`;
