// Jest Snapshot v1, https://goo.gl/fbAQLP

exports[`Placeholder renders correctly 1`] = `
<div
  className="placeholder"
>
  <div
    className="placeholder-text"
  >
    <span
      className="placeholder-background"
    />
  </div>
  <div
    className="placeholder-text"
  >
    <span
      className="placeholder-background"
    />
  </div>
</div>
`;
